V3 53
FL C:/Users/gdinu/Desktop/automatica/labCSO/lab10/MIPS_Sys/ALU.vhd 2018/04/26.21:08:08 J.40
EN work/ALU 1524856903 \
      FL C:/Users/gdinu/Desktop/automatica/labCSO/lab10/MIPS_Sys/ALU.vhd \
      PB ieee/std_logic_1164 1192821031 PB ieee/std_logic_arith 1192821032 \
      PB ieee/STD_LOGIC_UNSIGNED 1192821033
AR work/ALU/Behavioral 1524856904 \
      FL C:/Users/gdinu/Desktop/automatica/labCSO/lab10/MIPS_Sys/ALU.vhd \
      EN work/ALU 1524856903
FL C:/Users/gdinu/Desktop/automatica/labCSO/lab10/MIPS_Sys/ctrl.vhd 2018/04/26.21:18:21 J.40
EN work/ctrl 1524766716 \
      FL C:/Users/gdinu/Desktop/automatica/labCSO/lab10/MIPS_Sys/ctrl.vhd \
      PB ieee/std_logic_1164 1192821031 PB ieee/std_logic_arith 1192821032 \
      PB ieee/STD_LOGIC_UNSIGNED 1192821033
AR work/ctrl/Behavioral 1524766717 \
      FL C:/Users/gdinu/Desktop/automatica/labCSO/lab10/MIPS_Sys/ctrl.vhd \
      EN work/ctrl 1524766716
FL C:/Users/gdinu/Desktop/automatica/labCSO/lab10/MIPS_Sys/mips.vhf 2018/04/27.22:28:12 J.40
EN work/mips 1524857414 \
      FL C:/Users/gdinu/Desktop/automatica/labCSO/lab10/MIPS_Sys/mips.vhf \
      PB ieee/std_logic_1164 1192821031 PH ieee/NUMERIC_STD 1192821033 LB UNISIM \
      PH unisim/VCOMPONENTS 1194566982
AR work/mips/BEHAVIORAL 1524857415 \
      FL C:/Users/gdinu/Desktop/automatica/labCSO/lab10/MIPS_Sys/mips.vhf \
      EN work/mips 1524857414 CP ALU CP ctrl CP DataMem CP MUX2V32 CP MUX2V5 \
      CP PC_Update CP ProgCnt CP File_Regs CP ROM32x32
FL C:/Users/gdinu/Desktop/automatica/labCSO/lab10/MIPS_Sys/PC_Update.vhd 2018/04/27.22:32:33 J.40
EN work/PC_Update 1524857566 \
      FL C:/Users/gdinu/Desktop/automatica/labCSO/lab10/MIPS_Sys/PC_Update.vhd \
      PB ieee/std_logic_1164 1192821031 PB ieee/std_logic_arith 1192821032 \
      PB ieee/STD_LOGIC_UNSIGNED 1192821033
AR work/PC_Update/Behavioral 1524857567 \
      FL C:/Users/gdinu/Desktop/automatica/labCSO/lab10/MIPS_Sys/PC_Update.vhd \
      EN work/PC_Update 1524857566
FL C:/Users/gdinu/Desktop/automatica/labCSO/lab9/MIPS_Sys/ALU.vhd 2018/04/08.17:23:12 J.40
FL C:/Users/gdinu/Desktop/automatica/labCSO/lab9/MIPS_Sys/ctrl.vhd 2018/04/08.17:47:02 J.40
FL C:/Users/gdinu/Desktop/automatica/labCSO/lab9/MIPS_Sys/DataMem.vhd 2015/11/22.21:27:42 J.40
EN work/DataMem 1524678884 \
      FL C:/Users/gdinu/Desktop/automatica/labCSO/lab9/MIPS_Sys/DataMem.vhd \
      PB ieee/std_logic_1164 1192821031 PB ieee/std_logic_arith 1192821032 \
      PB ieee/STD_LOGIC_UNSIGNED 1192821033
AR work/DataMem/Behavioral 1524678885 \
      FL C:/Users/gdinu/Desktop/automatica/labCSO/lab9/MIPS_Sys/DataMem.vhd \
      EN work/DataMem 1524678884
FL C:/Users/gdinu/Desktop/automatica/labCSO/lab9/MIPS_Sys/File_Regs.vhd 2018/04/08.17:09:42 J.40
EN work/File_Regs 1524678894 \
      FL C:/Users/gdinu/Desktop/automatica/labCSO/lab9/MIPS_Sys/File_Regs.vhd \
      PB ieee/std_logic_1164 1192821031 PB ieee/std_logic_arith 1192821032 \
      PB ieee/STD_LOGIC_UNSIGNED 1192821033
AR work/File_Regs/Behavioral 1524678895 \
      FL C:/Users/gdinu/Desktop/automatica/labCSO/lab9/MIPS_Sys/File_Regs.vhd \
      EN work/File_Regs 1524678894
FL C:/Users/gdinu/Desktop/automatica/labCSO/lab9/MIPS_Sys/iface_s3.vhd 2013/12/08.10:47:04 J.40
EN work/Iface_s3 1524678898 \
      FL C:/Users/gdinu/Desktop/automatica/labCSO/lab9/MIPS_Sys/iface_s3.vhd \
      PB ieee/std_logic_1164 1192821031 PB ieee/std_logic_arith 1192821032 \
      PB ieee/STD_LOGIC_UNSIGNED 1192821033
AR work/Iface_s3/Behavioral 1524678899 \
      FL C:/Users/gdinu/Desktop/automatica/labCSO/lab9/MIPS_Sys/iface_s3.vhd \
      EN work/Iface_s3 1524678898
FL C:/Users/gdinu/Desktop/automatica/labCSO/lab9/MIPS_Sys/mips.vhf 2018/04/24.16:28:51 J.40
FL C:/Users/gdinu/Desktop/automatica/labCSO/lab9/MIPS_Sys/mips_sys.vhd 2018/04/24.16:28:52 J.40
FL C:/Users/gdinu/Desktop/automatica/labCSO/lab9/MIPS_Sys/mips_sys.vhf 2018/04/24.16:28:52 J.40
EN work/mips_sys 1524678902 \
      FL C:/Users/gdinu/Desktop/automatica/labCSO/lab9/MIPS_Sys/mips_sys.vhf \
      PB ieee/std_logic_1164 1192821031 PH ieee/NUMERIC_STD 1192821033 LB UNISIM \
      PH unisim/VCOMPONENTS 1194566982
AR work/mips_sys/BEHAVIORAL 1524678903 \
      FL C:/Users/gdinu/Desktop/automatica/labCSO/lab9/MIPS_Sys/mips_sys.vhf \
      EN work/mips_sys 1524678902 CP iface_s3 CP mips
FL C:/Users/gdinu/Desktop/automatica/labCSO/lab9/MIPS_Sys/MUX2V32.vhd 2018/04/08.17:28:36 J.40
EN work/MUX2V32 1524678886 \
      FL C:/Users/gdinu/Desktop/automatica/labCSO/lab9/MIPS_Sys/MUX2V32.vhd \
      PB ieee/std_logic_1164 1192821031 PB ieee/std_logic_arith 1192821032 \
      PB ieee/STD_LOGIC_UNSIGNED 1192821033
AR work/MUX2V32/Behavioral 1524678887 \
      FL C:/Users/gdinu/Desktop/automatica/labCSO/lab9/MIPS_Sys/MUX2V32.vhd \
      EN work/MUX2V32 1524678886
FL C:/Users/gdinu/Desktop/automatica/labCSO/lab9/MIPS_Sys/MUX2V5.vhd 2018/03/25.12:26:56 J.40
EN work/MUX2V5 1524678888 \
      FL C:/Users/gdinu/Desktop/automatica/labCSO/lab9/MIPS_Sys/MUX2V5.vhd \
      PB ieee/std_logic_1164 1192821031 PB ieee/std_logic_arith 1192821032 \
      PB ieee/STD_LOGIC_UNSIGNED 1192821033
AR work/MUX2V5/Behavioral 1524678889 \
      FL C:/Users/gdinu/Desktop/automatica/labCSO/lab9/MIPS_Sys/MUX2V5.vhd \
      EN work/MUX2V5 1524678888
FL C:/Users/gdinu/Desktop/automatica/labCSO/lab9/MIPS_Sys/PC_Update.vhd 2018/03/25.12:12:56 J.40
FL C:/Users/gdinu/Desktop/automatica/labCSO/lab9/MIPS_Sys/ProgCnt.vhd 2018/03/25.12:11:10 J.40
EN work/ProgCnt 1524678892 \
      FL C:/Users/gdinu/Desktop/automatica/labCSO/lab9/MIPS_Sys/ProgCnt.vhd \
      PB ieee/std_logic_1164 1192821031 PB ieee/std_logic_arith 1192821032 \
      PB ieee/STD_LOGIC_UNSIGNED 1192821033
AR work/ProgCnt/Behavioral 1524678893 \
      FL C:/Users/gdinu/Desktop/automatica/labCSO/lab9/MIPS_Sys/ProgCnt.vhd \
      EN work/ProgCnt 1524678892
FL C:/Users/gdinu/Desktop/automatica/labCSO/lab9/MIPS_Sys/ROM32x32_3a2b.vhd.vhd 2018/04/24.16:36:10 J.40
EN work/ROM32x32 1524678896 \
      FL C:/Users/gdinu/Desktop/automatica/labCSO/lab9/MIPS_Sys/ROM32x32_3a2b.vhd.vhd \
      PB ieee/std_logic_1164 1192821031 PB ieee/std_logic_arith 1192821032 \
      PB ieee/STD_LOGIC_UNSIGNED 1192821033
AR work/ROM32x32/Behavioral 1524678897 \
      FL C:/Users/gdinu/Desktop/automatica/labCSO/lab9/MIPS_Sys/ROM32x32_3a2b.vhd.vhd \
      EN work/ROM32x32 1524678896
